PASS [고객 신청] 필수값 없으면 다음 단계로 가지 않음(주거 유형)
PASS [고객 신청] 지역 없으면 다음 단계로 가지 않음
PASS [고객 신청] 부분 공사는 공사 1개 이상
PASS [고객 신청] 원룸: 도면·치수·사진 없이 신청 → 접수(r1)
PASS [고객 신청] 원룸: 파일 0개
PASS [고객 신청] 오피스텔: 사진만 올려 신청
PASS [고객 신청] 빌라: 도면 첨부 신청
PASS [고객 신청] 아파트: 저장만(요청 전)
PASS [고객 신청] oneroom: 공간 종류 집
PASS [고객 신청] officetel: 공간 종류 집
PASS [고객 신청] villa: 공간 종류 집
PASS [고객 신청] apt: 공간 종류 집
PASS [고객 신청] 요약: 입력하지 않은 값은 ‘입력하지 않음’(면적·방·욕실·준공·거주·공간)
PASS [고객 신청] 요약: 공사 범위 ‘아직 모름’
PASS [고객 신청] 요약: 빌라 입력값 그대로(18평 공급·방 2·욕실 1·준공 모름·거주 중)
PASS [고객 신청] 한눈에: 다음 할 일 = 운영자 검토(주거 업체)
PASS [고객 신청] 내 공간 목록: 집 표시
PASS [방 한 칸] 방 배치 탭: 비어 있음 + ‘집 전체 도면이 되지 않아요’
PASS [방 한 칸] 방 크기 범위 밖이면 저장하지 않음
PASS [방 한 칸] 방 저장: 치수·방문·욕실 문 자리·붙박이장·창
PASS [방 한 칸] 편집: ‘방 한 칸 · 집 전체 아님’ + 자동 배치 후속 검토
PASS [방 한 칸] 편집: 개념 가구 표시
PASS [방 한 칸] 퀸 침대 놓기(빈자리)
PASS [방 한 칸] 검사: 고정 구조물(붙박이장)과 겹침
PASS [방 한 칸] 검사: 방 밖
PASS [방 한 칸] 검사: 문 앞 장애물(욕실 문 앞 바닥 폭 800 × 깊이 800)
PASS [방 한 칸] 검사 통과 자리: 확인할 것 0
PASS [방 한 칸] 통로 간격 알림: 무엇과 무엇 사이인지(침대–붙박이장 100mm), 확인할 것에 안 셈
PASS [방 한 칸] 통로 간격 알림: 판정하지 않는다고 명시
PASS [방 한 칸] 크기 1800: 편집 데이터·겹침 검사에 반영
PASS [방 한 칸] 크기 1800: 선택 패널 바닥 크기
PASS [방 한 칸] 크기 1400: 겹침 없어짐
PASS [방 한 칸] 3D 보기(같은 데이터)
PASS [방 한 칸] 저장 후 다시 열기: 크기 1400 그대로
PASS [방 한 칸] DB: 배치 2, 침대 w 1.4 · 부품 폭 1.4(평면·3D 같은 크기) · 목록 규격
PASS [방 한 칸] 새로 열어도 1400
PASS [방 한 칸] 방 5개: 더 만들 수 없음(버튼 없음)
PASS [방 한 칸] 방 5개: 만들기 주소로 가도 방 배치로 돌아감
PASS [방 한 칸] 요청 전 방 삭제
PASS [방 한 칸] 한눈에: 방 배치 4개 · 집 전체 아님
PASS [방 한 칸] 요청 r1에 방별 배치 버전 보관(침실 배치 2, 나머지 1)
PASS [운영자] 목록: 집 요청 표시
PASS [운영자] 상세: 집 · 아파트 · 방 배치 4개, 주거 배정 안내
PASS [운영자] 주거 분야 업체 먼저(모아공간·라인앤폼), 온결은 ‘주거 분야 없음’
PASS [운영자] 상세: 방 배치 보기(업체 문구)
PASS [운영자] 자료 요청 항목: 주거용(관리 규약)
PASS [운영자] 업체 프로필: 시공 분야(사무실·주거) 저장
PASS [운영자] 분야 반영: 온결도 주거 분야
PASS [업체] 업체 목록: ‘서울 송파구 · 아파트’
PASS [업체] 요청: 집 요약·공사 범위·방 배치 4개
PASS [업체] 요청: 방 배치는 참고·집 전체 도면 아님
PASS [업체] 요청: 침실 배치 2 · 침대 1,400×2,000 · 개념 가구
PASS [업체] 요청: 상세 주소·연락처·요청 이름 안 보임
PASS [업체] 요청: 발코니 확장 판정 안 함 안내
PASS [업체] 견적서: 주거 14항목
PASS [업체] 견적서: 요청 범위(욕실·주방·발코니)만 표시
PASS [업체] 견적서: 설계 제안 칸 없음(방 배치는 참고)
PASS [업체] 임시 저장 → 다시 열기: 값 그대로
PASS [업체] 제출: 현장 확인 필요 항목은 금액 없음(0원 아님)
PASS [업체] 휴대폰: 견적 카드 14개, 가로 스크롤 없음
PASS [업체] 휴대폰 제출 저장
PASS [고객 비교] 같은 기준 2건(요청 r1)
PASS [고객 비교] 비교표: 주거 14항목, 요청 범위 3줄
PASS [고객 비교] 범위가 다르면(발코니 현장 확인·필름 해당 없음) ‘최저’ 없음 + 차이 안내
PASS [고객 비교] 방문 요청한 업체에만 상세 주소 공개
PASS [고객 비교] 방문 요청 안 한 업체는 주소 안 보임
PASS [변경 보내기] 편집 화면: 업체에 보낸 요청엔 배치 2
PASS [변경 보내기] 방 탭: 고침/새 방/지운 방 상태
PASS [변경 보내기] 변경 대기: 방 배치 수정·추가·삭제 문장
PASS [변경 보내기] 아직 업체 기준 그대로(r1)
PASS [변경 보내기] 업체: 보내기 전엔 이전 방 배치(침실 배치 2, 거실 있음)
PASS [변경 보내기] 보내기 → r2: 방 4개(침실 배치 3, 거실 없음, 드레스룸 있음)
PASS [변경 보내기] 업체: r2 바뀐 점과 새 방 배치
PASS [변경 보내기] 비교: r2 뒤 업체 재확인 대기
PASS [변경 보내기] 비교: 한 곳 확인 → r2 기준 1건
PASS [표시 문구] 고객 한눈에: 금지 표현 없음
PASS [표시 문구] 고객 한눈에: ‘방 한 칸 · 집 전체 아님’
PASS [표시 문구] 고객 방 배치: 금지 표현 없음
PASS [표시 문구] 고객 방 배치: ‘방 한 칸 · 집 전체 아님’
PASS [표시 문구] 고객 요청 내용: 금지 표현 없음
PASS [표시 문구] 고객 제안 비교: 금지 표현 없음
PASS [표시 문구] 고객 방 편집: 금지 표현 없음
PASS [표시 문구] 고객 방 편집: ‘방 한 칸 · 집 전체 아님’
PASS [표시 문구] 인쇄·PDF: 금지 표현 없음
PASS [표시 문구] 인쇄·PDF: ‘방 한 칸 · 집 전체 아님’
PASS [표시 문구] 공유 링크: 금지 표현 없음
PASS [표시 문구] 공유 링크: ‘방 한 칸 · 집 전체 아님’
PASS [표시 문구] 공유: 주소·연락처 없음
PASS [표시 문구] 업체 요청: 금지 표현 없음
PASS [표시 문구] 업체 요청: ‘방 한 칸 · 집 전체 아님’
PASS [표시 문구] 운영자: 금지 표현 없음
PASS [표시 문구] 운영자: ‘방 한 칸 · 집 전체 아님’
PASS [휴대폰] 신청서 1단계 가로 스크롤 없음
PASS [휴대폰] 신청서 2단계 가로 스크롤 없음
PASS [휴대폰] 신청서 3단계 가로 스크롤 없음
PASS [휴대폰] 신청서 4단계 가로 스크롤 없음
PASS [휴대폰] 휴대폰 신청 접수
PASS [휴대폰] 방 만들기 가로 스크롤 없음
PASS [휴대폰] 방 편집(휴대폰): 가구 추가·선택 패널
PASS [휴대폰] 방 편집(휴대폰) 가로 스크롤 없음
PASS [휴대폰] 방 탭(휴대폰) 가로 스크롤 없음
PASS [휴대폰] 한눈에(휴대폰): 변경 내용 보내기 안내
PASS [공간 탐색] 홈: 사무실 14 + 집 5 예시, ‘이런 공간 어때요?’
PASS [공간 탐색] 필터 집 전체 = 5, 모두 ‘3D 제안 예시’·‘방 한 칸 3D’
PASS [공간 탐색] 필터 사무실 = 14
PASS [공간 탐색] 필터 집 · 아파트 = 2
PASS [공간 탐색] 예시 상세: 방 한 칸 입체·평면, 개념 가구, 집 전체 아님
PASS [공간 탐색] 예시 상세: 사무실 배치 체험 버튼 없음(머리 메뉴 제외)
PASS [공간 탐색] 예시 → 집 상담 신청
PASS [공간 탐색] 신청서: 예시가 참고 사례로 골라져 있음·유형 아파트
PASS [범위] 이용 안내: 집 자동 배치는 ‘이번 범위 제외 · 후속 검토’
PASS [범위] 사무실 요청은 사무실 13항목 그대로
PASS [범위] 기존 사무실 프로젝트 = 사무실
PASS [공통] 페이지 오류 없음
PASS [공통] 서버 로그 오류 없음

115 passed, 0 failed
