PASS 기존 신청 첫 화면에 집·사무실 선택과 주소 조회를 바로 표시
PASS 사무실만 접수한다는 낡은 안내 제거
PASS 신청 폼 안에 검색 폼을 중첩하지 않음
PASS 주소 검색 Enter로 다음 단계나 신청 제출이 실행되지 않음
PASS 조회만으로 기존 신청 값을 덮어쓰지 않음
PASS 기존 사무실 신청서에 지역·호 주소·전용 평수 반영
PASS 실측 치수와 가정 도면은 자동으로 만들지 않음
PASS 저장된 사무실 요청에도 불러온 정보와 치수 미입력 유지
PASS 사무실 공간 만들기 첫 단계에도 같은 주소 조회 표시
PASS 공간 만들기는 조회 면적만 참고하고 가로·세로를 비워 둠
PASS 공간 만들기의 마지막 단계에도 불러온 지역 유지
PASS 직접 입력한 치수로 저장하며 불러온 상세 주소도 보존
PASS PC 같은 신청 흐름에서 집 유형으로 전환
PASS PC 검색 Enter는 조회만 실행하고 신청 단계를 유지
PASS PC 주소만 확인했을 때 면적을 임의로 채우지 않음
PASS PC 같은 화면에서 전용면적 74.94㎡와 기준을 채움
PASS PC 지역·상세주소·사용승인 연도 전달
PASS PC 유형은 고객 선택을 유지하고 방·욕실은 추측하지 않음
PASS PC 신청 폼 하나와 가로 넘침 없음
PASS PC 키 노출·브라우저에서 외부 API 직접 호출 없음
PASS PC 도면 업로드와 자료 없이 상담 경로 유지
PASS PC 다음 단계에서도 불러온 상세주소 유지
PASS PC 제출 후 다시 열어도 API 면적·단위·기준 유지
PASS PC 자료 없는 집 요청에 가정 3D를 생성하지 않음
PASS 휴대폰 같은 신청 흐름에서 집 유형으로 전환
PASS 휴대폰 검색 Enter는 조회만 실행하고 신청 단계를 유지
PASS 휴대폰 주소만 확인했을 때 면적을 임의로 채우지 않음
PASS 휴대폰 같은 화면에서 전용면적 74.94㎡와 기준을 채움
PASS 휴대폰 지역·상세주소·사용승인 연도 전달
PASS 휴대폰 유형은 고객 선택을 유지하고 방·욕실은 추측하지 않음
PASS 휴대폰 신청 폼 하나와 가로 넘침 없음
PASS 휴대폰 키 노출·브라우저에서 외부 API 직접 호출 없음
PASS 휴대폰 도면 업로드와 자료 없이 상담 경로 유지
PASS 휴대폰 다음 단계에서도 불러온 상세주소 유지
PASS 휴대폰 제출 후 다시 열어도 API 면적·단위·기준 유지
PASS 휴대폰 자료 없는 집 요청에 가정 3D를 생성하지 않음
PASS 운영자도 제출된 전용면적을 확인할 수 있음
PASS 업체 미리보기에서 고객의 동·호를 공개하지 않음
PASS API 조회 기록에 선택 동·호와 인증키 없음
PASS 페이지 오류 없음
PASS 서버 로그 오류 없음

41 passed, 0 failed
