PASS [메뉴] 손님 주 메뉴: 홈·커뮤니티·쇼핑·시공·견적·내 공간
PASS [메뉴] 머리: 검색·장바구니·로그인·내 공간 만들기
PASS [메뉴] 시공 하위 메뉴: 시공 사례·시공사·배치 해보기·견적 요청
PASS [메뉴] 시공 사례 화면에서 ‘시공·견적’ 켜짐
PASS [메뉴] 시공+판매 파트너 메뉴
PASS [메뉴] 시공 파트너 메뉴
PASS [메뉴] 판매 전용 파트너 메뉴
PASS [메뉴] 운영자 메뉴
PASS [메뉴] 판매 전용 파트너 로그인 → 판매자 센터
PASS [메뉴] 판매 전용 파트너가 시공 화면 → 파트너 센터로
PASS [홈·검색] 홈: 바로 가기 8개
PASS [홈·검색] 홈: 오늘의 공간·내 공간 3D·많이 찾는 상품·시공 사례
PASS [홈·검색] 통합 검색: 상품 결과
PASS [홈·검색] 통합 검색: 시공사 결과
PASS [주소] 손님: 로그인 안내 + 평면도 받는 방법 3가지
PASS [주소] 평면도는 공공 API로 받을 수 없다고 안내
PASS [주소] 키 없음: ‘실제 연동 전 · 예시 주소’ 표시
PASS [주소] 건물 정보: 예시 값 표시와 전용면적
PASS [주소] 건축물대장에 평면도 없음 안내
PASS [주소] 조회 기록(예시 제공자)
PASS [주소] 집 상담 신청으로 이어짐: 유형 아파트·지역 채움
PASS [주소] 전용면적 84.97㎡(전용) 채움
PASS [직접 참여] 요청: 업체 직접 참여·상한 2곳
PASS [직접 참여] 주거 분야 승인 업체에만 공개 요청 알림(이름·주소 없이)
PASS [직접 참여] 업체 홈: 직접 참여할 수 있는 요청 배너
PASS [직접 참여] 업체: 참여 가능 목록에 보임
PASS [직접 참여] 분야가 다른 업체(사무실 전용)에는 안 보임
PASS [직접 참여] 미리보기: 상세 주소·요청 이름 없음, 파일은 참여 뒤
PASS [직접 참여] 참여 → 바로 제안 작성(참여 확정·기한)
PASS [직접 참여] 요청 상태: 운영자 검토 → 제안 접수
PASS [직접 참여] 고객에게 참여 알림
PASS [직접 참여] 두 번째 업체 참여 → 상한 도달
PASS [직접 참여] 운영자 화면: 받는 방식과 직접 참여 표시
PASS [직접 참여] 운영자 배정 함께 사용(상한과 별개)
PASS [직접 참여] 상한이 차면 참여 막힘
PASS [직접 참여] 목록에도 마감 표시
PASS [직접 참여] 다른 업체의 요청·제안 화면은 열 수 없음
PASS [직접 참여] 고객: 받는 방식 카드(참여 2/2곳)
PASS [직접 참여] 운영자 배정만으로 변경
PASS [직접 참여] 운영자 배정만이면 공개 목록에서 사라짐
PASS [직접 참여] 최저가 자동 낙찰 없음(요청 상태는 고객 선택 전)
PASS [파트너 가입] 시공+판매 신청: 두 역할 모두 승인 대기
PASS [파트너 가입] 운영자에게 시공·판매 신청 알림 각각
PASS [휴대폰] 손님 하단 탭: 홈·커뮤니티·쇼핑·내 공간·마이
PASS [휴대폰] 손님 넘침 없음 /
PASS [휴대폰] 손님 넘침 없음 /search?q=소파
PASS [휴대폰] 손님 넘침 없음 /spaces/address
PASS [휴대폰] 손님 넘침 없음 /request
PASS [휴대폰] 손님 넘침 없음 /cases
PASS [휴대폰] 손님 넘침 없음 /vendors
PASS [휴대폰] 손님 넘침 없음 /community
PASS [휴대폰] 손님 넘침 없음 /shop
PASS [휴대폰] 손님 넘침 없음 /partners
PASS [휴대폰] 겸업 파트너 하단 탭
PASS [휴대폰] 파트너 넘침 없음 /vendor
PASS [휴대폰] 파트너 넘침 없음 /vendor/open
PASS [휴대폰] 파트너 넘침 없음 /partner
PASS [휴대폰] 파트너 넘침 없음 /seller
PASS [휴대폰] 파트너 넘침 없음 /notifications
PASS [휴대폰] 운영자 하단 탭
PASS [휴대폰] 운영자 넘침 없음 /admin
PASS [휴대폰] 운영자 넘침 없음 /admin/vendors
PASS [휴대폰] 운영자 넘침 없음 /admin/sellers
PASS [휴대폰] 운영자 넘침 없음 /admin/products
PASS [휴대폰] 운영자 넘침 없음 /admin/orders
PASS [휴대폰] 운영자 넘침 없음 /admin/settlements
PASS [휴대폰] 운영자 넘침 없음 /admin/community
PASS [휴대폰] 운영자 넘침 없음 /admin/integrations
PASS [오류] 페이지 오류 없음

69 passed, 0 failed
